// Jest Snapshot v1, https://goo.gl/fbAQLP

exports[`Test Button Component Take snapshot of Button 1`] = `
<DocumentFragment>
  <button
    type="button"
  />
</DocumentFragment>
`;
