// Jest Snapshot v1, https://goo.gl/fbAQLP

exports[`Test ButtonPanel component Add screenshot test 1`] = `
<DocumentFragment>
  <div
    class="btn-panel"
  >
    <div
      class="group"
    >
      <button
        class="btn-width"
        type="button"
      >
        AC
      </button>
      <button
        class="btn-width"
        type="button"
      >
        +/-
      </button>
      <button
        class="btn-width"
        type="button"
      >
        %
      </button>
      <button
        class="btn-width orange"
        type="button"
      >
        /
      </button>
    </div>
    <div
      class="group"
    >
      <button
        class="btn-width"
        type="button"
      >
        7
      </button>
      <button
        class="btn-width"
        type="button"
      >
        8
      </button>
      <button
        class="btn-width"
        type="button"
      >
        9
      </button>
      <button
        class="btn-width orange"
        type="button"
      >
        X
      </button>
    </div>
    <div
      class="group"
    >
      <button
        class="btn-width"
        type="button"
      >
        4
      </button>
      <button
        class="btn-width"
        type="button"
      >
        5
      </button>
      <button
        class="btn-width"
        type="button"
      >
        6
      </button>
      <button
        class="btn-width orange"
        type="button"
      >
        -
      </button>
    </div>
    <div
      class="group"
    >
      <button
        class="btn-width"
        type="button"
      >
        1
      </button>
      <button
        class="btn-width"
        type="button"
      >
        2
      </button>
      <button
        class="btn-width"
        type="button"
      >
        3
      </button>
      <button
        class="btn-width orange"
        type="button"
      >
        +
      </button>
    </div>
    <div
      class="group"
    >
      <button
        class="width-50"
        type="button"
      >
        0
      </button>
      <button
        class="btn-width"
        type="button"
      >
        .
      </button>
      <button
        class="btn-width orange"
        type="button"
      >
        =
      </button>
    </div>
  </div>
</DocumentFragment>
`;
